// Jest Snapshot v1, https://goo.gl/fbAQLP

exports[`Nav should match the snapshot 1`] = `
ShallowWrapper {
  "length": 1,
  Symbol(enzyme.__root__): [Circular],
  Symbol(enzyme.__unrendered__): <Nav
    activateCategory={[Function]}
    buttonType={
        Array [
            "people",
            "vehicles",
            "planets",
          ]
    }
    numberOfFavorites={3}
/>,
  Symbol(enzyme.__renderer__): Object {
    "batchedUpdates": [Function],
    "getNode": [Function],
    "render": [Function],
    "simulateEvent": [Function],
    "unmount": [Function],
  },
  Symbol(enzyme.__node__): Object {
    "instance": null,
    "key": undefined,
    "nodeType": "host",
    "props": Object {
      "children": Array [
        Array [
          <ContentButton
            activateCategory={[Function]}
            buttonType="people"
/>,
          <ContentButton
            activateCategory={[Function]}
            buttonType="vehicles"
/>,
          <ContentButton
            activateCategory={[Function]}
            buttonType="planets"
/>,
        ],
        <Favorites
          activateCategory={[Function]}
          numberOfFavorites={3}
/>,
      ],
      "className": "App-Nav",
    },
    "ref": null,
    "rendered": Array [
      Object {
        "instance": null,
        "key": "people",
        "nodeType": "function",
        "props": Object {
          "activateCategory": [Function],
          "buttonType": "people",
        },
        "ref": null,
        "rendered": null,
        "type": [Function],
      },
      Object {
        "instance": null,
        "key": "vehicles",
        "nodeType": "function",
        "props": Object {
          "activateCategory": [Function],
          "buttonType": "vehicles",
        },
        "ref": null,
        "rendered": null,
        "type": [Function],
      },
      Object {
        "instance": null,
        "key": "planets",
        "nodeType": "function",
        "props": Object {
          "activateCategory": [Function],
          "buttonType": "planets",
        },
        "ref": null,
        "rendered": null,
        "type": [Function],
      },
      Object {
        "instance": null,
        "key": undefined,
        "nodeType": "function",
        "props": Object {
          "activateCategory": [Function],
          "numberOfFavorites": 3,
        },
        "ref": null,
        "rendered": null,
        "type": [Function],
      },
    ],
    "type": "nav",
  },
  Symbol(enzyme.__nodes__): Array [
    Object {
      "instance": null,
      "key": undefined,
      "nodeType": "host",
      "props": Object {
        "children": Array [
          Array [
            <ContentButton
              activateCategory={[Function]}
              buttonType="people"
/>,
            <ContentButton
              activateCategory={[Function]}
              buttonType="vehicles"
/>,
            <ContentButton
              activateCategory={[Function]}
              buttonType="planets"
/>,
          ],
          <Favorites
            activateCategory={[Function]}
            numberOfFavorites={3}
/>,
        ],
        "className": "App-Nav",
      },
      "ref": null,
      "rendered": Array [
        Object {
          "instance": null,
          "key": "people",
          "nodeType": "function",
          "props": Object {
            "activateCategory": [Function],
            "buttonType": "people",
          },
          "ref": null,
          "rendered": null,
          "type": [Function],
        },
        Object {
          "instance": null,
          "key": "vehicles",
          "nodeType": "function",
          "props": Object {
            "activateCategory": [Function],
            "buttonType": "vehicles",
          },
          "ref": null,
          "rendered": null,
          "type": [Function],
        },
        Object {
          "instance": null,
          "key": "planets",
          "nodeType": "function",
          "props": Object {
            "activateCategory": [Function],
            "buttonType": "planets",
          },
          "ref": null,
          "rendered": null,
          "type": [Function],
        },
        Object {
          "instance": null,
          "key": undefined,
          "nodeType": "function",
          "props": Object {
            "activateCategory": [Function],
            "numberOfFavorites": 3,
          },
          "ref": null,
          "rendered": null,
          "type": [Function],
        },
      ],
      "type": "nav",
    },
  ],
  Symbol(enzyme.__options__): Object {
    "adapter": ReactSixteenAdapter {
      "options": Object {
        "enableComponentDidUpdateOnSetState": true,
      },
    },
  },
}
`;
